// Jest Snapshot v1, https://goo.gl/fbAQLP

exports[`<AddToCart/> renders and matches snappy 1`] = `
<button
  disabled={false}
  onClick={[Function]}
  type="button"
>
  Add
   to cart ðŸ›’
</button>
`;
